DEBUG: Setting up mocks
DEBUG: Calling get_media
Sourcing media for: Ronaldo (Need 4)
Fetching ScoreBat highlights for: Ronaldo
Fetching YouTube clip for: Ronaldo
Fetching specific images from Wikimedia (Target: 3)...
Fetching specific images from DDG (Target: 2)...
Checking fallbacks. Need 1 more items.
Skipping generic Pexels video fallback to preserve specificity (using existing images).
DEBUG: Paths returned: ['youtube.mp4', 'wiki.jpg', 'ddg.jpg']
python : .F
At line:1 char:1
+ python -m unittest 
tests/test_media_logi
c.py > 
test_output.txt 2>&1
+ ~~~~~~~~~~~~~~~~~~~
~~~~~~~~~~~~~~~~~~~~~
~~~~~~~~~~~~~~~~~~~~~
~~~~~~
    + CategoryInfo   
           : NotSpe  
  cified: (.F:Stri   
 ng) [], RemoteEx    
ception
    + FullyQualified 
   ErrorId : Native  
  CommandError
 
=====================
=====================
=====================
=======
FAIL: 
test_media_priority (
tests.test_media_logi
c.TestMediaLogic.test
_media_priority)
---------------------
---------------------
---------------------
-------
Traceback (most 
recent call last):
  File "C:\Users\Acer
\AppData\Local\Progra
ms\Python\Python311\L
ib\unittest\mock.py",
 line 1369, in 
patched
    return 
func(*newargs, 
**newkeywargs)
           ^^^^^^^^^^
^^^^^^^^^^^^^^^^^^^
  File "C:\Users\Acer
\Desktop\football-sho
rts-automation\tests\
test_media_logic.py",
 line 32, in 
test_media_priority
    self.assertEqual(
len(paths), 4, 
f"Expected 4 paths, 
got {len(paths)}")
AssertionError: 3 != 
4 : Expected 4 
paths, got 3

---------------------
---------------------
---------------------
-------
Ran 2 tests in 0.006s

FAILED (failures=1)
